     1                                  global _start
     2                                  
     3                                  section .data
     4 00000000 48656C6C6F20776F72-         message db "Hello world!", 10
     4 00000009 6C64210A           
     5                                      length equ $ - message
     6                                      
     7                                  section .text
     8                                  
     9                                  _start:
    10 00000000 B801000000                  mov rax, 1
    11 00000005 BF01000000                  mov rdi, 1
    12 0000000A 48BE-                       mov rsi, message
    12 0000000C [0000000000000000] 
    13 00000014 BA0D000000                  mov rdx, length
    14 00000019 0F05                        syscall
    15                                  
    16 0000001B 4883F800                    cmp rax, 0
    17 0000001F 7F0E                        jg exit
    18 00000021 EB00                        jmp fail
    19                                  
    20                                  fail:
    21 00000023 B83C000000                  mov rax, 60
    22 00000028 BF01000000                  mov rdi, 1
    23 0000002D 0F05                        syscall
    24                                  
    25                                  exit:
    26 0000002F B83C000000                  mov rax, 60
    27 00000034 BF00000000                  mov rdi, 0
    28 00000039 0F05                        syscall
